src/pages/Orders.tsx(620,18): error TS17008: JSX element 'AnimatePresence' has no corresponding closing tag.
src/pages/Orders.tsx(636,38): error TS1005: ')' expected.
src/pages/Orders.tsx(636,49): error TS1136: Property assignment expected.
src/pages/Orders.tsx(636,52): error TS1005: ',' expected.
src/pages/Orders.tsx(636,53): error TS1382: Unexpected token. Did you mean `{'>'}` or `&gt;`?
src/pages/Orders.tsx(636,86): error TS1381: Unexpected token. Did you mean `{'}'}` or `&rbrace;`?
src/pages/Orders.tsx(637,34): error TS1382: Unexpected token. Did you mean `{'>'}` or `&gt;`?
src/pages/Orders.tsx(671,27): error TS17002: Expected corresponding JSX closing tag for 'div'.
src/pages/Orders.tsx(672,22): error TS1005: '}' expected.
src/pages/Orders.tsx(672,23): error TS1381: Unexpected token. Did you mean `{'}'}` or `&rbrace;`?
src/pages/Orders.tsx(674,22): error TS1381: Unexpected token. Did you mean `{'}'}` or `&rbrace;`?
src/pages/Orders.tsx(675,11): error TS17002: Expected corresponding JSX closing tag for 'motion.div'.
src/pages/Orders.tsx(676,13): error TS1005: ')' expected.
src/pages/Orders.tsx(679,15): error TS1005: ';' expected.
src/pages/Orders.tsx(833,13): error TS1128: Declaration or statement expected.
src/pages/Orders.tsx(951,13): error TS1128: Declaration or statement expected.
src/pages/Orders.tsx(952,9): error TS1109: Expression expected.
src/pages/Orders.tsx(953,5): error TS1109: Expression expected.
