src/components/AlgeriaAddressForm.tsx(2,32): error TS2792: Cannot find module 'react-i18next'. Did you mean to set the 'moduleResolution' option to 'nodenext', or to add aliases to the 'paths' option?
src/components/AlgeriaAddressForm.tsx(5,43): error TS2792: Cannot find module 'lucide-react'. Did you mean to set the 'moduleResolution' option to 'nodenext', or to add aliases to the 'paths' option?
src/components/AlgeriaAddressForm.tsx(25,14): error TS2322: Type '({ onChange, initialData, shippingRates, currencySymbol, allowedShippingTypes }: AlgeriaAddressFormProps) => Element' is not assignable to type 'FC<AlgeriaAddressFormProps>'.
  Type 'Element' is not assignable to type 'ReactNode | Promise<ReactNode>'.
src/components/AlgeriaAddressForm.tsx(76,9): error TS2339: Property 'div' does not exist on type 'JSX.IntrinsicElements'.
src/components/AlgeriaAddressForm.tsx(79,13): error TS2339: Property 'div' does not exist on type 'JSX.IntrinsicElements'.
src/components/AlgeriaAddressForm.tsx(81,73): error TS2339: Property 'span' does not exist on type 'JSX.IntrinsicElements'.
src/components/AlgeriaAddressForm.tsx(81,105): error TS2339: Property 'span' does not exist on type 'JSX.IntrinsicElements'.
src/components/AlgeriaAddressForm.tsx(93,69): error TS2339: Property 'span' does not exist on type 'JSX.IntrinsicElements'.
src/components/AlgeriaAddressForm.tsx(93,101): error TS2339: Property 'span' does not exist on type 'JSX.IntrinsicElements'.
src/components/AlgeriaAddressForm.tsx(104,13): error TS2339: Property 'div' does not exist on type 'JSX.IntrinsicElements'.
src/components/AlgeriaAddressForm.tsx(106,13): error TS2339: Property 'div' does not exist on type 'JSX.IntrinsicElements'.
src/components/AlgeriaAddressForm.tsx(107,17): error TS2339: Property 'div' does not exist on type 'JSX.IntrinsicElements'.
src/components/AlgeriaAddressForm.tsx(108,21): error TS2339: Property 'label' does not exist on type 'JSX.IntrinsicElements'.
src/components/AlgeriaAddressForm.tsx(108,142): error TS2339: Property 'span' does not exist on type 'JSX.IntrinsicElements'.
src/components/AlgeriaAddressForm.tsx(108,174): error TS2339: Property 'span' does not exist on type 'JSX.IntrinsicElements'.
src/components/AlgeriaAddressForm.tsx(108,181): error TS2339: Property 'label' does not exist on type 'JSX.IntrinsicElements'.
src/components/AlgeriaAddressForm.tsx(109,21): error TS2339: Property 'div' does not exist on type 'JSX.IntrinsicElements'.
src/components/AlgeriaAddressForm.tsx(110,25): error TS2339: Property 'div' does not exist on type 'JSX.IntrinsicElements'.
src/components/AlgeriaAddressForm.tsx(112,25): error TS2339: Property 'div' does not exist on type 'JSX.IntrinsicElements'.
src/components/AlgeriaAddressForm.tsx(113,25): error TS2339: Property 'div' does not exist on type 'JSX.IntrinsicElements'.
src/components/AlgeriaAddressForm.tsx(114,29): error TS2339: Property 'select' does not exist on type 'JSX.IntrinsicElements'.
src/components/AlgeriaAddressForm.tsx(122,33): error TS2339: Property 'option' does not exist on type 'JSX.IntrinsicElements'.
src/components/AlgeriaAddressForm.tsx(122,103): error TS2339: Property 'option' does not exist on type 'JSX.IntrinsicElements'.
src/components/AlgeriaAddressForm.tsx(124,37): error TS2339: Property 'option' does not exist on type 'JSX.IntrinsicElements'.
src/components/AlgeriaAddressForm.tsx(124,125): error TS2339: Property 'option' does not exist on type 'JSX.IntrinsicElements'.
src/components/AlgeriaAddressForm.tsx(126,29): error TS2339: Property 'select' does not exist on type 'JSX.IntrinsicElements'.
src/components/AlgeriaAddressForm.tsx(127,29): error TS2339: Property 'div' does not exist on type 'JSX.IntrinsicElements'.
src/components/AlgeriaAddressForm.tsx(128,33): error TS2339: Property 'svg' does not exist on type 'JSX.IntrinsicElements'.
src/components/AlgeriaAddressForm.tsx(128,112): error TS2339: Property 'path' does not exist on type 'JSX.IntrinsicElements'.
src/components/AlgeriaAddressForm.tsx(128,200): error TS2339: Property 'svg' does not exist on type 'JSX.IntrinsicElements'.
src/components/AlgeriaAddressForm.tsx(129,29): error TS2339: Property 'div' does not exist on type 'JSX.IntrinsicElements'.
src/components/AlgeriaAddressForm.tsx(130,25): error TS2339: Property 'div' does not exist on type 'JSX.IntrinsicElements'.
src/components/AlgeriaAddressForm.tsx(131,21): error TS2339: Property 'div' does not exist on type 'JSX.IntrinsicElements'.
src/components/AlgeriaAddressForm.tsx(132,17): error TS2339: Property 'div' does not exist on type 'JSX.IntrinsicElements'.
src/components/AlgeriaAddressForm.tsx(134,17): error TS2339: Property 'div' does not exist on type 'JSX.IntrinsicElements'.
src/components/AlgeriaAddressForm.tsx(135,21): error TS2339: Property 'label' does not exist on type 'JSX.IntrinsicElements'.
src/components/AlgeriaAddressForm.tsx(135,144): error TS2339: Property 'span' does not exist on type 'JSX.IntrinsicElements'.
src/components/AlgeriaAddressForm.tsx(135,176): error TS2339: Property 'span' does not exist on type 'JSX.IntrinsicElements'.
src/components/AlgeriaAddressForm.tsx(135,183): error TS2339: Property 'label' does not exist on type 'JSX.IntrinsicElements'.
src/components/AlgeriaAddressForm.tsx(136,21): error TS2339: Property 'div' does not exist on type 'JSX.IntrinsicElements'.
src/components/AlgeriaAddressForm.tsx(137,25): error TS2339: Property 'div' does not exist on type 'JSX.IntrinsicElements'.
src/components/AlgeriaAddressForm.tsx(139,25): error TS2339: Property 'div' does not exist on type 'JSX.IntrinsicElements'.
src/components/AlgeriaAddressForm.tsx(140,25): error TS2339: Property 'div' does not exist on type 'JSX.IntrinsicElements'.
src/components/AlgeriaAddressForm.tsx(141,29): error TS2339: Property 'select' does not exist on type 'JSX.IntrinsicElements'.
src/components/AlgeriaAddressForm.tsx(150,33): error TS2339: Property 'option' does not exist on type 'JSX.IntrinsicElements'.
src/components/AlgeriaAddressForm.tsx(150,104): error TS2339: Property 'option' does not exist on type 'JSX.IntrinsicElements'.
src/components/AlgeriaAddressForm.tsx(152,37): error TS2339: Property 'option' does not exist on type 'JSX.IntrinsicElements'.
src/components/AlgeriaAddressForm.tsx(152,66): error TS2339: Property 'option' does not exist on type 'JSX.IntrinsicElements'.
src/components/AlgeriaAddressForm.tsx(154,29): error TS2339: Property 'select' does not exist on type 'JSX.IntrinsicElements'.
src/components/AlgeriaAddressForm.tsx(155,29): error TS2339: Property 'div' does not exist on type 'JSX.IntrinsicElements'.
src/components/AlgeriaAddressForm.tsx(156,33): error TS2339: Property 'svg' does not exist on type 'JSX.IntrinsicElements'.
src/components/AlgeriaAddressForm.tsx(156,112): error TS2339: Property 'path' does not exist on type 'JSX.IntrinsicElements'.
src/components/AlgeriaAddressForm.tsx(156,200): error TS2339: Property 'svg' does not exist on type 'JSX.IntrinsicElements'.
src/components/AlgeriaAddressForm.tsx(157,29): error TS2339: Property 'div' does not exist on type 'JSX.IntrinsicElements'.
src/components/AlgeriaAddressForm.tsx(158,25): error TS2339: Property 'div' does not exist on type 'JSX.IntrinsicElements'.
src/components/AlgeriaAddressForm.tsx(159,21): error TS2339: Property 'div' does not exist on type 'JSX.IntrinsicElements'.
src/components/AlgeriaAddressForm.tsx(160,17): error TS2339: Property 'div' does not exist on type 'JSX.IntrinsicElements'.
src/components/AlgeriaAddressForm.tsx(161,13): error TS2339: Property 'div' does not exist on type 'JSX.IntrinsicElements'.
src/components/AlgeriaAddressForm.tsx(164,17): error TS2339: Property 'div' does not exist on type 'JSX.IntrinsicElements'.
src/components/AlgeriaAddressForm.tsx(165,21): error TS2339: Property 'label' does not exist on type 'JSX.IntrinsicElements'.
src/components/AlgeriaAddressForm.tsx(165,113): error TS2339: Property 'label' does not exist on type 'JSX.IntrinsicElements'.
src/components/AlgeriaAddressForm.tsx(166,21): error TS2339: Property 'div' does not exist on type 'JSX.IntrinsicElements'.
src/components/AlgeriaAddressForm.tsx(171,29): error TS2339: Property 'button' does not exist on type 'JSX.IntrinsicElements'.
src/components/AlgeriaAddressForm.tsx(181,33): error TS2339: Property 'span' does not exist on type 'JSX.IntrinsicElements'.
src/components/AlgeriaAddressForm.tsx(181,134): error TS2339: Property 'span' does not exist on type 'JSX.IntrinsicElements'.
src/components/AlgeriaAddressForm.tsx(183,37): error TS2339: Property 'span' does not exist on type 'JSX.IntrinsicElements'.
src/components/AlgeriaAddressForm.tsx(185,37): error TS2339: Property 'span' does not exist on type 'JSX.IntrinsicElements'.
src/components/AlgeriaAddressForm.tsx(187,29): error TS2339: Property 'button' does not exist on type 'JSX.IntrinsicElements'.
src/components/AlgeriaAddressForm.tsx(190,29): error TS2339: Property 'button' does not exist on type 'JSX.IntrinsicElements'.
src/components/AlgeriaAddressForm.tsx(200,33): error TS2339: Property 'span' does not exist on type 'JSX.IntrinsicElements'.
src/components/AlgeriaAddressForm.tsx(200,130): error TS2339: Property 'span' does not exist on type 'JSX.IntrinsicElements'.
src/components/AlgeriaAddressForm.tsx(202,37): error TS2339: Property 'span' does not exist on type 'JSX.IntrinsicElements'.
src/components/AlgeriaAddressForm.tsx(204,37): error TS2339: Property 'span' does not exist on type 'JSX.IntrinsicElements'.
src/components/AlgeriaAddressForm.tsx(206,29): error TS2339: Property 'button' does not exist on type 'JSX.IntrinsicElements'.
src/components/AlgeriaAddressForm.tsx(208,21): error TS2339: Property 'div' does not exist on type 'JSX.IntrinsicElements'.
src/components/AlgeriaAddressForm.tsx(209,17): error TS2339: Property 'div' does not exist on type 'JSX.IntrinsicElements'.
src/components/AlgeriaAddressForm.tsx(212,13): error TS2339: Property 'div' does not exist on type 'JSX.IntrinsicElements'.
src/components/AlgeriaAddressForm.tsx(213,17): error TS2339: Property 'label' does not exist on type 'JSX.IntrinsicElements'.
src/components/AlgeriaAddressForm.tsx(215,17): error TS2339: Property 'label' does not exist on type 'JSX.IntrinsicElements'.
src/components/AlgeriaAddressForm.tsx(216,17): error TS2339: Property 'div' does not exist on type 'JSX.IntrinsicElements'.
src/components/AlgeriaAddressForm.tsx(217,21): error TS2339: Property 'div' does not exist on type 'JSX.IntrinsicElements'.
src/components/AlgeriaAddressForm.tsx(219,21): error TS2339: Property 'div' does not exist on type 'JSX.IntrinsicElements'.
src/components/AlgeriaAddressForm.tsx(220,21): error TS2339: Property 'div' does not exist on type 'JSX.IntrinsicElements'.
src/components/AlgeriaAddressForm.tsx(221,25): error TS2339: Property 'textarea' does not exist on type 'JSX.IntrinsicElements'.
src/components/AlgeriaAddressForm.tsx(232,21): error TS2339: Property 'div' does not exist on type 'JSX.IntrinsicElements'.
src/components/AlgeriaAddressForm.tsx(233,17): error TS2339: Property 'div' does not exist on type 'JSX.IntrinsicElements'.
src/components/AlgeriaAddressForm.tsx(234,13): error TS2339: Property 'div' does not exist on type 'JSX.IntrinsicElements'.
src/components/AlgeriaAddressForm.tsx(236,13): error TS2339: Property 'div' does not exist on type 'JSX.IntrinsicElements'.
src/components/AlgeriaAddressForm.tsx(237,17): error TS2339: Property 'div' does not exist on type 'JSX.IntrinsicElements'.
src/components/AlgeriaAddressForm.tsx(239,13): error TS2339: Property 'div' does not exist on type 'JSX.IntrinsicElements'.
src/components/AlgeriaAddressForm.tsx(240,9): error TS2339: Property 'div' does not exist on type 'JSX.IntrinsicElements'.
src/components/ui/Button.tsx(11,14): error TS2322: Type '({ children, variant, size, isLoading, fullWidth, className, disabled, ...props }: ButtonProps) => Element' is not assignable to type 'FC<ButtonProps>'.
  Type 'Element' is not assignable to type 'ReactNode | Promise<ReactNode>'.
src/components/ui/Button.tsx(42,9): error TS2339: Property 'button' does not exist on type 'JSX.IntrinsicElements'.
src/components/ui/Button.tsx(48,17): error TS2339: Property 'div' does not exist on type 'JSX.IntrinsicElements'.
src/components/ui/Button.tsx(51,9): error TS2339: Property 'button' does not exist on type 'JSX.IntrinsicElements'.
src/components/ui/Input.tsx(2,29): error TS2792: Cannot find module 'lucide-react'. Did you mean to set the 'moduleResolution' option to 'nodenext', or to add aliases to the 'paths' option?
src/components/ui/Input.tsx(13,14): error TS2322: Type '({ label, error, helpText, className, id, type, icon, outsideIcon, ...props }: InputProps) => Element' is not assignable to type 'FC<InputProps>'.
  Type 'Element' is not assignable to type 'ReactNode | Promise<ReactNode>'.
src/components/ui/Input.tsx(32,9): error TS2339: Property 'div' does not exist on type 'JSX.IntrinsicElements'.
src/components/ui/Input.tsx(34,17): error TS2339: Property 'div' does not exist on type 'JSX.IntrinsicElements'.
src/components/ui/Input.tsx(36,17): error TS2339: Property 'div' does not exist on type 'JSX.IntrinsicElements'.
src/components/ui/Input.tsx(38,13): error TS2339: Property 'input' does not exist on type 'JSX.IntrinsicElements'.
src/components/ui/Input.tsx(62,17): error TS2339: Property 'button' does not exist on type 'JSX.IntrinsicElements'.
src/components/ui/Input.tsx(69,17): error TS2339: Property 'button' does not exist on type 'JSX.IntrinsicElements'.
src/components/ui/Input.tsx(71,9): error TS2339: Property 'div' does not exist on type 'JSX.IntrinsicElements'.
src/components/ui/Input.tsx(75,9): error TS2339: Property 'div' does not exist on type 'JSX.IntrinsicElements'.
src/components/ui/Input.tsx(77,17): error TS2339: Property 'label' does not exist on type 'JSX.IntrinsicElements'.
src/components/ui/Input.tsx(85,17): error TS2339: Property 'label' does not exist on type 'JSX.IntrinsicElements'.
src/components/ui/Input.tsx(88,13): error TS2339: Property 'div' does not exist on type 'JSX.IntrinsicElements'.
src/components/ui/Input.tsx(90,21): error TS2339: Property 'div' does not exist on type 'JSX.IntrinsicElements'.
src/components/ui/Input.tsx(95,21): error TS2339: Property 'div' does not exist on type 'JSX.IntrinsicElements'.
src/components/ui/Input.tsx(98,13): error TS2339: Property 'div' does not exist on type 'JSX.IntrinsicElements'.
src/components/ui/Input.tsx(101,17): error TS2339: Property 'span' does not exist on type 'JSX.IntrinsicElements'.
src/components/ui/Input.tsx(102,21): error TS2339: Property 'svg' does not exist on type 'JSX.IntrinsicElements'.
src/components/ui/Input.tsx(102,79): error TS2339: Property 'path' does not exist on type 'JSX.IntrinsicElements'.
src/components/ui/Input.tsx(102,157): error TS2339: Property 'svg' does not exist on type 'JSX.IntrinsicElements'.
src/components/ui/Input.tsx(104,17): error TS2339: Property 'span' does not exist on type 'JSX.IntrinsicElements'.
src/components/ui/Input.tsx(107,17): error TS2339: Property 'span' does not exist on type 'JSX.IntrinsicElements'.
src/components/ui/Input.tsx(109,17): error TS2339: Property 'span' does not exist on type 'JSX.IntrinsicElements'.
src/components/ui/Input.tsx(111,9): error TS2339: Property 'div' does not exist on type 'JSX.IntrinsicElements'.
src/components/ui/Skeleton.tsx(12,14): error TS2322: Type '({ className, variant, width, height, shimmer }: SkeletonProps) => Element' is not assignable to type 'FC<SkeletonProps>'.
  Type 'Element' is not assignable to type 'ReactNode | Promise<ReactNode>'.
src/components/ui/Skeleton.tsx(20,9): error TS2339: Property 'div' does not exist on type 'JSX.IntrinsicElements'.
src/context/AuthContext.tsx(2,36): error TS2792: Cannot find module '@supabase/supabase-js'. Did you mean to set the 'moduleResolution' option to 'nodenext', or to add aliases to the 'paths' option?
src/context/AuthContext.tsx(57,13): error TS1323: Dynamic imports are only supported when the '--module' flag is set to 'es2020', 'es2022', 'esnext', 'commonjs', 'amd', 'system', 'umd', 'node16', 'node18', 'node20', or 'nodenext'.
src/context/StoreContext.tsx(385,14): error TS2322: Type '({ children }: { children: ReactNode; }) => Element' is not assignable to type 'FC<{ children: ReactNode; }>'.
  Type 'Element' is not assignable to type 'ReactNode | Promise<ReactNode>'.
src/context/ToastContext.tsx(2,60): error TS2792: Cannot find module 'lucide-react'. Did you mean to set the 'moduleResolution' option to 'nodenext', or to add aliases to the 'paths' option?
src/context/ToastContext.tsx(20,14): error TS2322: Type '({ children }: { children: ReactNode; }) => Element' is not assignable to type 'FC<{ children: ReactNode; }>'.
  Type 'Element' is not assignable to type 'ReactNode | Promise<ReactNode>'.
src/context/ToastContext.tsx(39,13): error TS2339: Property 'div' does not exist on type 'JSX.IntrinsicElements'.
src/context/ToastContext.tsx(41,21): error TS2339: Property 'div' does not exist on type 'JSX.IntrinsicElements'.
src/context/ToastContext.tsx(51,25): error TS2339: Property 'div' does not exist on type 'JSX.IntrinsicElements'.
src/context/ToastContext.tsx(61,25): error TS2339: Property 'div' does not exist on type 'JSX.IntrinsicElements'.
src/context/ToastContext.tsx(62,25): error TS2339: Property 'p' does not exist on type 'JSX.IntrinsicElements'.
src/context/ToastContext.tsx(62,93): error TS2339: Property 'p' does not exist on type 'JSX.IntrinsicElements'.
src/context/ToastContext.tsx(63,25): error TS2339: Property 'button' does not exist on type 'JSX.IntrinsicElements'.
src/context/ToastContext.tsx(68,25): error TS2339: Property 'button' does not exist on type 'JSX.IntrinsicElements'.
src/context/ToastContext.tsx(69,21): error TS2339: Property 'div' does not exist on type 'JSX.IntrinsicElements'.
src/context/ToastContext.tsx(71,13): error TS2339: Property 'div' does not exist on type 'JSX.IntrinsicElements'.
src/i18n.ts(1,18): error TS2792: Cannot find module 'i18next'. Did you mean to set the 'moduleResolution' option to 'nodenext', or to add aliases to the 'paths' option?
src/i18n.ts(2,34): error TS2792: Cannot find module 'react-i18next'. Did you mean to set the 'moduleResolution' option to 'nodenext', or to add aliases to the 'paths' option?
src/i18n.ts(3,30): error TS2792: Cannot find module 'i18next-browser-languagedetector'. Did you mean to set the 'moduleResolution' option to 'nodenext', or to add aliases to the 'paths' option?
src/i18n.ts(4,16): error TS2792: Cannot find module './locales/en.json'. Did you mean to set the 'moduleResolution' option to 'nodenext', or to add aliases to the 'paths' option?
src/i18n.ts(5,16): error TS2792: Cannot find module './locales/fr.json'. Did you mean to set the 'moduleResolution' option to 'nodenext', or to add aliases to the 'paths' option?
src/i18n.ts(6,16): error TS2792: Cannot find module './locales/ar.json'. Did you mean to set the 'moduleResolution' option to 'nodenext', or to add aliases to the 'paths' option?
src/lib/supabase.ts(1,46): error TS2792: Cannot find module '@supabase/supabase-js'. Did you mean to set the 'moduleResolution' option to 'nodenext', or to add aliases to the 'paths' option?
src/lib/supabase.ts(3,21): error TS1343: The 'import.meta' meta-property is only allowed when the '--module' option is 'es2020', 'es2022', 'esnext', 'system', 'node16', 'node18', 'node20', or 'nodenext'.
src/lib/supabase.ts(3,33): error TS2339: Property 'env' does not exist on type 'ImportMeta'.
src/lib/supabase.ts(4,25): error TS1343: The 'import.meta' meta-property is only allowed when the '--module' option is 'es2020', 'es2022', 'esnext', 'system', 'node16', 'node18', 'node20', or 'nodenext'.
src/lib/supabase.ts(4,37): error TS2339: Property 'env' does not exist on type 'ImportMeta'.
src/lib/utils.ts(1,39): error TS2792: Cannot find module 'clsx'. Did you mean to set the 'moduleResolution' option to 'nodenext', or to add aliases to the 'paths' option?
src/lib/utils.ts(2,25): error TS2792: Cannot find module 'tailwind-merge'. Did you mean to set the 'moduleResolution' option to 'nodenext', or to add aliases to the 'paths' option?
src/pages/Orders.tsx(2,32): error TS2792: Cannot find module 'react-i18next'. Did you mean to set the 'moduleResolution' option to 'nodenext', or to add aliases to the 'paths' option?
src/pages/Orders.tsx(3,204): error TS2792: Cannot find module 'lucide-react'. Did you mean to set the 'moduleResolution' option to 'nodenext', or to add aliases to the 'paths' option?
src/pages/Orders.tsx(9,29): error TS2792: Cannot find module 'react-router-dom'. Did you mean to set the 'moduleResolution' option to 'nodenext', or to add aliases to the 'paths' option?
src/pages/Orders.tsx(15,41): error TS2792: Cannot find module 'framer-motion'. Did you mean to set the 'moduleResolution' option to 'nodenext', or to add aliases to the 'paths' option?
src/pages/Orders.tsx(381,13): error TS2339: Property 'div' does not exist on type 'JSX.IntrinsicElements'.
src/pages/Orders.tsx(382,17): error TS2339: Property 'div' does not exist on type 'JSX.IntrinsicElements'.
src/pages/Orders.tsx(383,21): error TS2339: Property 'h1' does not exist on type 'JSX.IntrinsicElements'.
src/pages/Orders.tsx(383,107): error TS2339: Property 'h1' does not exist on type 'JSX.IntrinsicElements'.
src/pages/Orders.tsx(384,21): error TS2339: Property 'p' does not exist on type 'JSX.IntrinsicElements'.
src/pages/Orders.tsx(384,108): error TS2339: Property 'p' does not exist on type 'JSX.IntrinsicElements'.
src/pages/Orders.tsx(385,17): error TS2339: Property 'div' does not exist on type 'JSX.IntrinsicElements'.
src/pages/Orders.tsx(386,17): error TS2339: Property 'div' does not exist on type 'JSX.IntrinsicElements'.
src/pages/Orders.tsx(389,25): error TS2339: Property 'span' does not exist on type 'JSX.IntrinsicElements'.
src/pages/Orders.tsx(389,83): error TS2339: Property 'span' does not exist on type 'JSX.IntrinsicElements'.
src/pages/Orders.tsx(397,25): error TS2339: Property 'span' does not exist on type 'JSX.IntrinsicElements'.
src/pages/Orders.tsx(397,79): error TS2339: Property 'span' does not exist on type 'JSX.IntrinsicElements'.
src/pages/Orders.tsx(399,17): error TS2339: Property 'div' does not exist on type 'JSX.IntrinsicElements'.
src/pages/Orders.tsx(400,13): error TS2339: Property 'div' does not exist on type 'JSX.IntrinsicElements'.
src/pages/Orders.tsx(402,13): error TS2339: Property 'div' does not exist on type 'JSX.IntrinsicElements'.
src/pages/Orders.tsx(416,25): error TS2339: Property 'div' does not exist on type 'JSX.IntrinsicElements'.
src/pages/Orders.tsx(417,29): error TS2339: Property 'div' does not exist on type 'JSX.IntrinsicElements'.
src/pages/Orders.tsx(419,29): error TS2339: Property 'div' does not exist on type 'JSX.IntrinsicElements'.
src/pages/Orders.tsx(420,25): error TS2339: Property 'div' does not exist on type 'JSX.IntrinsicElements'.
src/pages/Orders.tsx(421,25): error TS2339: Property 'h4' does not exist on type 'JSX.IntrinsicElements'.
src/pages/Orders.tsx(421,121): error TS2339: Property 'h4' does not exist on type 'JSX.IntrinsicElements'.
src/pages/Orders.tsx(422,25): error TS2339: Property 'div' does not exist on type 'JSX.IntrinsicElements'.
src/pages/Orders.tsx(424,25): error TS2339: Property 'div' does not exist on type 'JSX.IntrinsicElements'.
src/pages/Orders.tsx(427,13): error TS2339: Property 'div' does not exist on type 'JSX.IntrinsicElements'.
src/pages/Orders.tsx(430,17): error TS2339: Property 'div' does not exist on type 'JSX.IntrinsicElements'.
src/pages/Orders.tsx(431,21): error TS2339: Property 'div' does not exist on type 'JSX.IntrinsicElements'.
src/pages/Orders.tsx(439,21): error TS2339: Property 'div' does not exist on type 'JSX.IntrinsicElements'.
src/pages/Orders.tsx(440,21): error TS2339: Property 'div' does not exist on type 'JSX.IntrinsicElements'.
src/pages/Orders.tsx(441,25): error TS2339: Property 'select' does not exist on type 'JSX.IntrinsicElements'.
src/pages/Orders.tsx(442,29): error TS2339: Property 'option' does not exist on type 'JSX.IntrinsicElements'.
src/pages/Orders.tsx(442,80): error TS2339: Property 'option' does not exist on type 'JSX.IntrinsicElements'.
src/pages/Orders.tsx(443,29): error TS2339: Property 'option' does not exist on type 'JSX.IntrinsicElements'.
src/pages/Orders.tsx(443,52): error TS2339: Property 'option' does not exist on type 'JSX.IntrinsicElements'.
src/pages/Orders.tsx(444,29): error TS2339: Property 'option' does not exist on type 'JSX.IntrinsicElements'.
src/pages/Orders.tsx(444,60): error TS2339: Property 'option' does not exist on type 'JSX.IntrinsicElements'.
src/pages/Orders.tsx(445,25): error TS2339: Property 'select' does not exist on type 'JSX.IntrinsicElements'.
src/pages/Orders.tsx(446,25): error TS2339: Property 'select' does not exist on type 'JSX.IntrinsicElements'.
src/pages/Orders.tsx(447,29): error TS2339: Property 'option' does not exist on type 'JSX.IntrinsicElements'.
src/pages/Orders.tsx(447,74): error TS2339: Property 'option' does not exist on type 'JSX.IntrinsicElements'.
src/pages/Orders.tsx(448,55): error TS2339: Property 'option' does not exist on type 'JSX.IntrinsicElements'.
src/pages/Orders.tsx(448,97): error TS2339: Property 'option' does not exist on type 'JSX.IntrinsicElements'.
src/pages/Orders.tsx(449,25): error TS2339: Property 'select' does not exist on type 'JSX.IntrinsicElements'.
src/pages/Orders.tsx(453,21): error TS2339: Property 'div' does not exist on type 'JSX.IntrinsicElements'.
src/pages/Orders.tsx(454,17): error TS2339: Property 'div' does not exist on type 'JSX.IntrinsicElements'.
src/pages/Orders.tsx(457,13): error TS2339: Property 'div' does not exist on type 'JSX.IntrinsicElements'.
src/pages/Orders.tsx(460,25): error TS2339: Property 'div' does not exist on type 'JSX.IntrinsicElements'.
src/pages/Orders.tsx(460,107): error TS2339: Property 'div' does not exist on type 'JSX.IntrinsicElements'.
src/pages/Orders.tsx(462,25): error TS2339: Property 'div' does not exist on type 'JSX.IntrinsicElements'.
src/pages/Orders.tsx(471,37): error TS2339: Property 'div' does not exist on type 'JSX.IntrinsicElements'.
src/pages/Orders.tsx(472,41): error TS2339: Property 'span' does not exist on type 'JSX.IntrinsicElements'.
src/pages/Orders.tsx(472,97): error TS2339: Property 'span' does not exist on type 'JSX.IntrinsicElements'.
src/pages/Orders.tsx(473,41): error TS2339: Property 'span' does not exist on type 'JSX.IntrinsicElements'.
src/pages/Orders.tsx(473,163): error TS2339: Property 'span' does not exist on type 'JSX.IntrinsicElements'.
src/pages/Orders.tsx(474,37): error TS2339: Property 'div' does not exist on type 'JSX.IntrinsicElements'.
src/pages/Orders.tsx(475,37): error TS2339: Property 'div' does not exist on type 'JSX.IntrinsicElements'.
src/pages/Orders.tsx(476,41): error TS2339: Property 'div' does not exist on type 'JSX.IntrinsicElements'.
src/pages/Orders.tsx(477,45): error TS2339: Property 'div' does not exist on type 'JSX.IntrinsicElements'.
src/pages/Orders.tsx(477,110): error TS2339: Property 'div' does not exist on type 'JSX.IntrinsicElements'.
src/pages/Orders.tsx(478,45): error TS2339: Property 'div' does not exist on type 'JSX.IntrinsicElements'.
src/pages/Orders.tsx(478,105): error TS2339: Property 'div' does not exist on type 'JSX.IntrinsicElements'.
src/pages/Orders.tsx(479,41): error TS2339: Property 'div' does not exist on type 'JSX.IntrinsicElements'.
src/pages/Orders.tsx(480,41): error TS2339: Property 'div' does not exist on type 'JSX.IntrinsicElements'.
src/pages/Orders.tsx(481,45): error TS2339: Property 'div' does not exist on type 'JSX.IntrinsicElements'.
src/pages/Orders.tsx(481,130): error TS2339: Property 'div' does not exist on type 'JSX.IntrinsicElements'.
src/pages/Orders.tsx(482,45): error TS2339: Property 'div' does not exist on type 'JSX.IntrinsicElements'.
src/pages/Orders.tsx(482,113): error TS2339: Property 'div' does not exist on type 'JSX.IntrinsicElements'.
src/pages/Orders.tsx(483,41): error TS2339: Property 'div' does not exist on type 'JSX.IntrinsicElements'.
src/pages/Orders.tsx(484,37): error TS2339: Property 'div' does not exist on type 'JSX.IntrinsicElements'.
src/pages/Orders.tsx(487,25): error TS2339: Property 'div' does not exist on type 'JSX.IntrinsicElements'.
src/pages/Orders.tsx(490,13): error TS2339: Property 'div' does not exist on type 'JSX.IntrinsicElements'.
src/pages/Orders.tsx(492,13): error TS2339: Property 'div' does not exist on type 'JSX.IntrinsicElements'.
src/pages/Orders.tsx(493,17): error TS2339: Property 'table' does not exist on type 'JSX.IntrinsicElements'.
src/pages/Orders.tsx(494,21): error TS2339: Property 'thead' does not exist on type 'JSX.IntrinsicElements'.
src/pages/Orders.tsx(495,25): error TS2339: Property 'tr' does not exist on type 'JSX.IntrinsicElements'.
src/pages/Orders.tsx(496,29): error TS2339: Property 'th' does not exist on type 'JSX.IntrinsicElements'.
src/pages/Orders.tsx(496,142): error TS2339: Property 'th' does not exist on type 'JSX.IntrinsicElements'.
src/pages/Orders.tsx(497,29): error TS2339: Property 'th' does not exist on type 'JSX.IntrinsicElements'.
src/pages/Orders.tsx(497,143): error TS2339: Property 'th' does not exist on type 'JSX.IntrinsicElements'.
src/pages/Orders.tsx(498,29): error TS2339: Property 'th' does not exist on type 'JSX.IntrinsicElements'.
src/pages/Orders.tsx(498,148): error TS2339: Property 'th' does not exist on type 'JSX.IntrinsicElements'.
src/pages/Orders.tsx(499,29): error TS2339: Property 'th' does not exist on type 'JSX.IntrinsicElements'.
src/pages/Orders.tsx(499,159): error TS2339: Property 'th' does not exist on type 'JSX.IntrinsicElements'.
src/pages/Orders.tsx(500,25): error TS2339: Property 'tr' does not exist on type 'JSX.IntrinsicElements'.
src/pages/Orders.tsx(501,21): error TS2339: Property 'thead' does not exist on type 'JSX.IntrinsicElements'.
src/pages/Orders.tsx(502,21): error TS2339: Property 'tbody' does not exist on type 'JSX.IntrinsicElements'.
src/pages/Orders.tsx(511,37): error TS2339: Property 'td' does not exist on type 'JSX.IntrinsicElements'.
src/pages/Orders.tsx(512,41): error TS2339: Property 'div' does not exist on type 'JSX.IntrinsicElements'.
src/pages/Orders.tsx(513,45): error TS2339: Property 'span' does not exist on type 'JSX.IntrinsicElements'.
src/pages/Orders.tsx(513,101): error TS2339: Property 'span' does not exist on type 'JSX.IntrinsicElements'.
src/pages/Orders.tsx(514,45): error TS2339: Property 'span' does not exist on type 'JSX.IntrinsicElements'.
src/pages/Orders.tsx(514,111): error TS2339: Property 'span' does not exist on type 'JSX.IntrinsicElements'.
src/pages/Orders.tsx(515,41): error TS2339: Property 'div' does not exist on type 'JSX.IntrinsicElements'.
src/pages/Orders.tsx(516,37): error TS2339: Property 'td' does not exist on type 'JSX.IntrinsicElements'.
src/pages/Orders.tsx(517,37): error TS2339: Property 'td' does not exist on type 'JSX.IntrinsicElements'.
src/pages/Orders.tsx(518,41): error TS2339: Property 'div' does not exist on type 'JSX.IntrinsicElements'.
src/pages/Orders.tsx(518,96): error TS2339: Property 'div' does not exist on type 'JSX.IntrinsicElements'.
src/pages/Orders.tsx(519,41): error TS2339: Property 'div' does not exist on type 'JSX.IntrinsicElements'.
src/pages/Orders.tsx(519,115): error TS2339: Property 'div' does not exist on type 'JSX.IntrinsicElements'.
src/pages/Orders.tsx(520,37): error TS2339: Property 'td' does not exist on type 'JSX.IntrinsicElements'.
src/pages/Orders.tsx(521,37): error TS2339: Property 'td' does not exist on type 'JSX.IntrinsicElements'.
src/pages/Orders.tsx(522,41): error TS2339: Property 'div' does not exist on type 'JSX.IntrinsicElements'.
src/pages/Orders.tsx(523,45): error TS2339: Property 'button' does not exist on type 'JSX.IntrinsicElements'.
src/pages/Orders.tsx(528,45): error TS2339: Property 'button' does not exist on type 'JSX.IntrinsicElements'.
src/pages/Orders.tsx(530,49): error TS2339: Property 'div' does not exist on type 'JSX.IntrinsicElements'.
src/pages/Orders.tsx(532,57): error TS2339: Property 'button' does not exist on type 'JSX.IntrinsicElements'.
src/pages/Orders.tsx(532,232): error TS2339: Property 'button' does not exist on type 'JSX.IntrinsicElements'.
src/pages/Orders.tsx(534,53): error TS2339: Property 'button' does not exist on type 'JSX.IntrinsicElements'.
src/pages/Orders.tsx(534,238): error TS2339: Property 'button' does not exist on type 'JSX.IntrinsicElements'.
src/pages/Orders.tsx(535,49): error TS2339: Property 'div' does not exist on type 'JSX.IntrinsicElements'.
src/pages/Orders.tsx(537,41): error TS2339: Property 'div' does not exist on type 'JSX.IntrinsicElements'.
src/pages/Orders.tsx(538,37): error TS2339: Property 'td' does not exist on type 'JSX.IntrinsicElements'.
src/pages/Orders.tsx(539,37): error TS2339: Property 'td' does not exist on type 'JSX.IntrinsicElements'.
src/pages/Orders.tsx(540,41): error TS2339: Property 'div' does not exist on type 'JSX.IntrinsicElements'.
src/pages/Orders.tsx(540,128): error TS2339: Property 'div' does not exist on type 'JSX.IntrinsicElements'.
src/pages/Orders.tsx(541,41): error TS2339: Property 'div' does not exist on type 'JSX.IntrinsicElements'.
src/pages/Orders.tsx(541,109): error TS2339: Property 'div' does not exist on type 'JSX.IntrinsicElements'.
src/pages/Orders.tsx(542,37): error TS2339: Property 'td' does not exist on type 'JSX.IntrinsicElements'.
src/pages/Orders.tsx(546,21): error TS2339: Property 'tbody' does not exist on type 'JSX.IntrinsicElements'.
src/pages/Orders.tsx(547,17): error TS2339: Property 'table' does not exist on type 'JSX.IntrinsicElements'.
src/pages/Orders.tsx(548,13): error TS2339: Property 'div' does not exist on type 'JSX.IntrinsicElements'.
src/pages/Orders.tsx(552,21): error TS2339: Property 'div' does not exist on type 'JSX.IntrinsicElements'.
src/pages/Orders.tsx(555,29): error TS2339: Property 'div' does not exist on type 'JSX.IntrinsicElements'.
src/pages/Orders.tsx(556,33): error TS2339: Property 'h2' does not exist on type 'JSX.IntrinsicElements'.
src/pages/Orders.tsx(556,94): error TS2339: Property 'h2' does not exist on type 'JSX.IntrinsicElements'.
src/pages/Orders.tsx(557,33): error TS2339: Property 'button' does not exist on type 'JSX.IntrinsicElements'.
src/pages/Orders.tsx(557,76): error TS2339: Property 'button' does not exist on type 'JSX.IntrinsicElements'.
src/pages/Orders.tsx(558,29): error TS2339: Property 'div' does not exist on type 'JSX.IntrinsicElements'.
src/pages/Orders.tsx(559,29): error TS2339: Property 'div' does not exist on type 'JSX.IntrinsicElements'.
src/pages/Orders.tsx(567,33): error TS2339: Property 'div' does not exist on type 'JSX.IntrinsicElements'.
src/pages/Orders.tsx(568,37): error TS2339: Property 'div' does not exist on type 'JSX.IntrinsicElements'.
src/pages/Orders.tsx(569,41): error TS2339: Property 'h3' does not exist on type 'JSX.IntrinsicElements'.
src/pages/Orders.tsx(569,89): error TS2339: Property 'h3' does not exist on type 'JSX.IntrinsicElements'.
src/pages/Orders.tsx(571,37): error TS2339: Property 'div' does not exist on type 'JSX.IntrinsicElements'.
src/pages/Orders.tsx(573,41): error TS2339: Property 'div' does not exist on type 'JSX.IntrinsicElements'.
src/pages/Orders.tsx(574,45): error TS2339: Property 'select' does not exist on type 'JSX.IntrinsicElements'.
src/pages/Orders.tsx(575,77): error TS2339: Property 'option' does not exist on type 'JSX.IntrinsicElements'.
src/pages/Orders.tsx(575,118): error TS2339: Property 'option' does not exist on type 'JSX.IntrinsicElements'.
src/pages/Orders.tsx(576,45): error TS2339: Property 'select' does not exist on type 'JSX.IntrinsicElements'.
src/pages/Orders.tsx(577,45): error TS2339: Property 'input' does not exist on type 'JSX.IntrinsicElements'.
src/pages/Orders.tsx(578,45): error TS2339: Property 'button' does not exist on type 'JSX.IntrinsicElements'.
src/pages/Orders.tsx(578,130): error TS2339: Property 'button' does not exist on type 'JSX.IntrinsicElements'.
src/pages/Orders.tsx(579,41): error TS2339: Property 'div' does not exist on type 'JSX.IntrinsicElements'.
src/pages/Orders.tsx(581,33): error TS2339: Property 'div' does not exist on type 'JSX.IntrinsicElements'.
src/pages/Orders.tsx(582,29): error TS2339: Property 'div' does not exist on type 'JSX.IntrinsicElements'.
src/pages/Orders.tsx(583,29): error TS2339: Property 'div' does not exist on type 'JSX.IntrinsicElements'.
src/pages/Orders.tsx(584,33): error TS2339: Property 'div' does not exist on type 'JSX.IntrinsicElements'.
src/pages/Orders.tsx(585,37): error TS2339: Property 'span' does not exist on type 'JSX.IntrinsicElements'.
src/pages/Orders.tsx(585,121): error TS2339: Property 'span' does not exist on type 'JSX.IntrinsicElements'.
src/pages/Orders.tsx(586,37): error TS2339: Property 'span' does not exist on type 'JSX.IntrinsicElements'.
src/pages/Orders.tsx(586,127): error TS2339: Property 'span' does not exist on type 'JSX.IntrinsicElements'.
src/pages/Orders.tsx(587,33): error TS2339: Property 'div' does not exist on type 'JSX.IntrinsicElements'.
src/pages/Orders.tsx(588,33): error TS2339: Property 'div' does not exist on type 'JSX.IntrinsicElements'.
src/pages/Orders.tsx(591,33): error TS2339: Property 'div' does not exist on type 'JSX.IntrinsicElements'.
src/pages/Orders.tsx(592,29): error TS2339: Property 'div' does not exist on type 'JSX.IntrinsicElements'.
src/pages/Orders.tsx(594,21): error TS2339: Property 'div' does not exist on type 'JSX.IntrinsicElements'.
